// Jest Snapshot v1, https://goo.gl/fbAQLP

exports[`normalizeConfig should throw error for baseUrl without trailing \`/\` 1`] = `
"\\"baseUrl\\" must be a string with a trailing slash.
"
`;

exports[`normalizeConfig should throw error for required fields 1`] = `
"\\"baseUrl\\" is required
\\"title\\" is required
\\"url\\" is required
\\"themes\\" must be an array
\\"presets\\" must be an array
\\"scripts\\" must be an array
\\"stylesheets\\" must be an array
These field(s) (\\"invalidField\\",) are not recognized in docusaurus.config.js.
If you still want these fields to be in your configuration, put them in the \\"customFields\\" field.
See https://docusaurus.io/docs/docusaurus.config.js/#customfields"
`;

exports[`normalizeConfig should throw error for unknown field 1`] = `
"These field(s) (\\"invalid\\",) are not recognized in docusaurus.config.js.
If you still want these fields to be in your configuration, put them in the \\"customFields\\" field.
See https://docusaurus.io/docs/docusaurus.config.js/#customfields"
`;

exports[`normalizeConfig should throw error if css doesn't have href 1`] = `
"\\"stylesheets[1]\\" does not match any of the allowed types
"
`;

exports[`normalizeConfig should throw error if plugins is not a string and it's not an array #1 for the input of: [123] 1`] = `
" => Bad Docusaurus plugin value as path [plugins,0].
Example valid plugin config:
{
  plugins: [
    [\\"@docusaurus/plugin-content-docs\\",options],
    \\"./myPlugin\\",
    [\\"./myPlugin\\",{someOption: 42}],
    function myPlugin() { },
    [function myPlugin() { },options]
  ],
};

"
`;

exports[`normalizeConfig should throw error if plugins is not an array of [string, object][] #1 for the input of: [[Array]] 1`] = `
" => Bad Docusaurus plugin value as path [plugins,0].
Example valid plugin config:
{
  plugins: [
    [\\"@docusaurus/plugin-content-docs\\",options],
    \\"./myPlugin\\",
    [\\"./myPlugin\\",{someOption: 42}],
    function myPlugin() { },
    [function myPlugin() { },options]
  ],
};

"
`;

exports[`normalizeConfig should throw error if plugins is not an array of [string, object][] #2 for the input of: [[Array]] 1`] = `
" => Bad Docusaurus plugin value as path [plugins,0].
Example valid plugin config:
{
  plugins: [
    [\\"@docusaurus/plugin-content-docs\\",options],
    \\"./myPlugin\\",
    [\\"./myPlugin\\",{someOption: 42}],
    function myPlugin() { },
    [function myPlugin() { },options]
  ],
};

"
`;

exports[`normalizeConfig should throw error if plugins is not an array of [string, object][] #3 for the input of: [[Array]] 1`] = `
" => Bad Docusaurus plugin value as path [plugins,0].
Example valid plugin config:
{
  plugins: [
    [\\"@docusaurus/plugin-content-docs\\",options],
    \\"./myPlugin\\",
    [\\"./myPlugin\\",{someOption: 42}],
    function myPlugin() { },
    [function myPlugin() { },options]
  ],
};

"
`;

exports[`normalizeConfig should throw error if plugins is not array for the input of: {} 1`] = `
"\\"plugins\\" must be an array
"
`;

exports[`normalizeConfig should throw error if presets is not array 1`] = `
"\\"presets\\" must be an array
"
`;

exports[`normalizeConfig should throw error if scripts doesn't have src 1`] = `
"\\"scripts[1]\\" does not match any of the allowed types
"
`;

exports[`normalizeConfig should throw error if themes is not array 1`] = `
"\\"themes\\" must be an array
"
`;
