// Jest Snapshot v1, https://goo.gl/fbAQLP

exports[`base webpack config should create webpack aliases 1`] = `
Object {
  "@docusaurus/BrowserOnly": "../../../../client/exports/BrowserOnly.tsx",
  "@docusaurus/ComponentCreator": "../../../../client/exports/ComponentCreator.tsx",
  "@docusaurus/ExecutionEnvironment": "../../../../client/exports/ExecutionEnvironment.ts",
  "@docusaurus/Head": "../../../../client/exports/Head.tsx",
  "@docusaurus/Interpolate": "../../../../client/exports/Interpolate.tsx",
  "@docusaurus/Link": "../../../../client/exports/Link.tsx",
  "@docusaurus/Noop": "../../../../client/exports/Noop.ts",
  "@docusaurus/Translate": "../../../../client/exports/Translate.tsx",
  "@docusaurus/constants": "../../../../client/exports/constants.ts",
  "@docusaurus/context": "../../../../client/exports/context.ts",
  "@docusaurus/isInternalUrl": "../../../../client/exports/isInternalUrl.ts",
  "@docusaurus/renderRoutes": "../../../../client/exports/renderRoutes.ts",
  "@docusaurus/router": "../../../../client/exports/router.ts",
  "@docusaurus/useBaseUrl": "../../../../client/exports/useBaseUrl.ts",
  "@docusaurus/useDocusaurusContext": "../../../../client/exports/useDocusaurusContext.ts",
  "@docusaurus/useGlobalData": "../../../../client/exports/useGlobalData.ts",
  "@generated": "../../../../../../..",
  "@site": "",
  "@theme-init/PluginThemeComponentOverridden": "pluginThemeFolder/PluginThemeComponentOverridden.js",
  "@theme-original/Layout": "../../../../client/theme-fallback/Layout/index.js",
  "@theme-original/Loading": "../../../../client/theme-fallback/Loading/index.js",
  "@theme-original/NotFound": "../../../../client/theme-fallback/NotFound/index.js",
  "@theme-original/PluginThemeComponent1": "pluginThemeFolder/PluginThemeComponent1.js",
  "@theme-original/PluginThemeComponentOverridden": "pluginThemeFolder/PluginThemeComponentOverridden.js",
  "@theme-original/Root": "../../../../client/theme-fallback/Root/index.js",
  "@theme-original/subfolder/PluginThemeComponent2": "pluginThemeFolder/subfolder/PluginThemeComponent2.js",
  "@theme/Layout": "../../../../client/theme-fallback/Layout/index.js",
  "@theme/Loading": "../../../../client/theme-fallback/Loading/index.js",
  "@theme/NotFound": "../../../../client/theme-fallback/NotFound/index.js",
  "@theme/PluginThemeComponent1": "pluginThemeFolder/PluginThemeComponent1.js",
  "@theme/PluginThemeComponentOverridden": "src/theme/PluginThemeComponentOverridden.js",
  "@theme/Root": "../../../../client/theme-fallback/Root/index.js",
  "@theme/UserThemeComponent1": "src/theme/UserThemeComponent1.js",
  "@theme/subfolder/PluginThemeComponent2": "pluginThemeFolder/subfolder/PluginThemeComponent2.js",
  "@theme/subfolder/UserThemeComponent2": "src/theme/subfolder/UserThemeComponent2.js",
  "react-loadable": "../../../../../../../@docusaurus/react-loadable",
}
`;

exports[`getDocusaurusAliases() return appropriate webpack aliases 1`] = `
Object {
  "@docusaurus/BrowserOnly": "../../client/exports/BrowserOnly.tsx",
  "@docusaurus/ComponentCreator": "../../client/exports/ComponentCreator.tsx",
  "@docusaurus/ExecutionEnvironment": "../../client/exports/ExecutionEnvironment.ts",
  "@docusaurus/Head": "../../client/exports/Head.tsx",
  "@docusaurus/Interpolate": "../../client/exports/Interpolate.tsx",
  "@docusaurus/Link": "../../client/exports/Link.tsx",
  "@docusaurus/Noop": "../../client/exports/Noop.ts",
  "@docusaurus/Translate": "../../client/exports/Translate.tsx",
  "@docusaurus/constants": "../../client/exports/constants.ts",
  "@docusaurus/context": "../../client/exports/context.ts",
  "@docusaurus/isInternalUrl": "../../client/exports/isInternalUrl.ts",
  "@docusaurus/renderRoutes": "../../client/exports/renderRoutes.ts",
  "@docusaurus/router": "../../client/exports/router.ts",
  "@docusaurus/useBaseUrl": "../../client/exports/useBaseUrl.ts",
  "@docusaurus/useDocusaurusContext": "../../client/exports/useDocusaurusContext.ts",
  "@docusaurus/useGlobalData": "../../client/exports/useGlobalData.ts",
}
`;
